
Running 1 test using 1 worker

[1A[2K[1/1] [chromium] ÔÇ║ tests\manual-otp-verify.spec.ts:9:9 ÔÇ║ OTP Verification Flow ÔÇ║ Full Signup -> OTP -> Verify Cycle
[1A[2K[chromium] ÔÇ║ tests\manual-otp-verify.spec.ts:9:9 ÔÇ║ OTP Verification Flow ÔÇ║ Full Signup -> OTP -> Verify Cycle
Starting test for email: otp.test.1770149765698@university.edu

[1A[2K  1) [chromium] ÔÇ║ tests\manual-otp-verify.spec.ts:9:9 ÔÇ║ OTP Verification Flow ÔÇ║ Full Signup -> OTP -> Verify Cycle 

    [31mTest timeout of 30000ms exceeded.[39m


[1A[2K  1 failed
    [chromium] ÔÇ║ tests\manual-otp-verify.spec.ts:9:9 ÔÇ║ OTP Verification Flow ÔÇ║ Full Signup -> OTP -> Verify Cycle 

[36m  Serving HTML report at http://localhost:64333. Press Ctrl+C to quit.[39m
